// Jest Snapshot v1, https://goo.gl/fbAQLP

exports[`Test in SearchPage Should show batman and input with query string value 1`] = `
<div>
  <h1>
    Search
  </h1>
  <hr />
  <div
    class="row"
  >
    <div
      class="col-5"
    >
      <h4>
        Searching
      </h4>
      <hr />
      <form>
        <input
          autocomplete="off"
          class="form-control"
          name="searchText"
          placeholder="Search a hero.."
          type="text"
          value=""
        />
        <button
          class="btn btn-outline-primary mt-2"
          type="submit"
        >
          Search
        </button>
      </form>
    </div>
    <div
      class="col-7"
    >
      <h4>
        Results
      </h4>
      <hr />
      <div
        class="alert alert-primary"
      >
        Search a hero
      </div>
    </div>
  </div>
</div>
`;

exports[`Test in SearchPage Should show correctly with default values 1`] = `
<div>
  <h1>
    Search
  </h1>
  <hr />
  <div
    class="row"
  >
    <div
      class="col-5"
    >
      <h4>
        Searching
      </h4>
      <hr />
      <form>
        <input
          autocomplete="off"
          class="form-control"
          name="searchText"
          placeholder="Search a hero.."
          type="text"
          value=""
        />
        <button
          class="btn btn-outline-primary mt-2"
          type="submit"
        >
          Search
        </button>
      </form>
    </div>
    <div
      class="col-7"
    >
      <h4>
        Results
      </h4>
      <hr />
      <div
        class="alert alert-primary"
      >
        Search a hero
      </div>
    </div>
  </div>
</div>
`;
